[
  {
    "trxIdPrefix": "trx4",
    "blockNum": 5,
    "cursor": "1:5::trx4",
    "Specific": {
      "Eos": {
        "actionIndexes": [
          0
        ]
      }
    },
    "irrBlockNum": 5
  }
]