[
  {
    "trxIdPrefix": "trx1",
    "blockNum": 4,
    "cursor": "1:4::trx1",
    "Specific": {
      "Eos": {
        "actionIndexes": [
          0
        ]
      }
    },
    "irrBlockNum": 4
  }
]